// Jest Snapshot v1, https://goo.gl/fbAQLP

exports[`Render Scoreboard component with props Scoreboard renders correctly 1`] = `
<DocumentFragment>
  <div
    class="css-1n7y7g1"
  >
    <div
      class="css-d2q1pa"
    >
      000
    </div>
    <div
      class="css-ov1ktg"
    >
      <select
        class="css-1lpmfg0"
      >
        <option
          class="css-zcmdxr"
          value="beginner"
        >
          beginner
        </option>
        <option
          class="css-zcmdxr"
          value="intermediat"
        >
          intermediat
        </option>
        <option
          class="css-zcmdxr"
          value="expert"
        >
          expert
        </option>
      </select>
      <div>
        <button
          class="css-1kb3z2h"
        >
          ðŸ˜€
        </button>
      </div>
    </div>
    <div
      class="css-d2q1pa"
    >
      010
    </div>
  </div>
</DocumentFragment>
`;
