// Jest Snapshot v1, https://goo.gl/fbAQLP

exports[`Cell component check Closed frame renders correctly 1`] = `
<DocumentFragment>
  <div
    class="css-8jxsla"
  />
</DocumentFragment>
`;
