// Jest Snapshot v1, https://goo.gl/fbAQLP

exports[`Render and check click  Should render GameOver component correctly 1`] = `
<DocumentFragment>
  <div
    class="css-ap4m5y"
  >
    ðŸ˜Ž
  </div>
</DocumentFragment>
`;
