// Jest Snapshot v1, https://goo.gl/fbAQLP

exports[`Render GameLayout component with props GameLayout renders correctly 1`] = `
<DocumentFragment>
  <div
    class="css-129n4x9"
  >
    <header
      class="css-dn2347"
    >
      <h1
        class="css-18kvaxm"
      >
        minesweeper
      </h1>
      <legend
        class="css-17qz6a2"
      >
        <strong>
          Flag: 
        </strong>
        <code
          class="css-12ap3z0"
        >
          <span
            class="css-udfepp"
          >
            ctrl
          </span>
          <span
            class="css-9c23k1"
          >
             + click
          </span>
        </code>
      </legend>
    </header>
    <div
      class="css-hajvvz"
    >
      <div
        class="css-hajvvz"
      >
        <div
          class="css-1n7y7g1"
        >
          <div
            class="css-d2q1pa"
          >
            000
          </div>
          <div
            class="css-ov1ktg"
          >
            <select
              class="css-1lpmfg0"
            >
              <option
                class="css-zcmdxr"
                value="beginner"
              >
                beginner
              </option>
              <option
                class="css-zcmdxr"
                value="intermediate"
              >
                intermediate
              </option>
              <option
                class="css-zcmdxr"
                value="expert"
              >
                expert
              </option>
            </select>
            <div>
              <button
                class="css-1kb3z2h"
              >
                ðŸ˜€
              </button>
            </div>
          </div>
          <div
            class="css-d2q1pa"
          >
            000
          </div>
        </div>
        <div
          class="css-ap4m5y"
        >
          ðŸ˜Ž
        </div>
        <div
          class="css-1a9cl3f"
          size="9"
        >
          <div
            class="css-1l2qare"
            data-testid="0,0"
            role="cell"
          >
            0
          </div>
          <div
            class="css-1l2qare"
            data-testid="0,1"
            role="cell"
          >
            0
          </div>
          <div
            class="css-1l2qare"
            data-testid="0,2"
            role="cell"
          >
            0
          </div>
          <div
            class="css-1l2qare"
            data-testid="0,3"
            role="cell"
          >
            0
          </div>
          <div
            class="css-1l2qare"
            data-testid="0,4"
            role="cell"
          >
            0
          </div>
          <div
            class="css-1l2qare"
            data-testid="0,5"
            role="cell"
          >
            0
          </div>
          <div
            class="css-y5m8ng"
            data-testid="0,6"
            role="cell"
          >
            1
          </div>
          <div
            class="css-12dzs03"
            data-testid="0,7"
            role="cell"
          >
            <div
              class="css-81z0jo"
              data-testid="bomb_0,7"
            />
          </div>
          <div
            class="css-y5m8ng"
            data-testid="0,8"
            role="cell"
          >
            1
          </div>
          <div
            class="css-1l2qare"
            data-testid="1,0"
            role="cell"
          >
            0
          </div>
          <div
            class="css-1l2qare"
            data-testid="1,1"
            role="cell"
          >
            0
          </div>
          <div
            class="css-1l2qare"
            data-testid="1,2"
            role="cell"
          >
            0
          </div>
          <div
            class="css-1l2qare"
            data-testid="1,3"
            role="cell"
          >
            0
          </div>
          <div
            class="css-y5m8ng"
            data-testid="1,4"
            role="cell"
          >
            1
          </div>
          <div
            class="css-y5m8ng"
            data-testid="1,5"
            role="cell"
          >
            1
          </div>
          <div
            class="css-13kl6wr"
            data-testid="1,6"
            role="cell"
          >
            2
          </div>
          <div
            class="css-13kl6wr"
            data-testid="1,7"
            role="cell"
          >
            2
          </div>
          <div
            class="css-13kl6wr"
            data-testid="1,8"
            role="cell"
          >
            2
          </div>
          <div
            class="css-1l2qare"
            data-testid="2,0"
            role="cell"
          >
            0
          </div>
          <div
            class="css-1l2qare"
            data-testid="2,1"
            role="cell"
          >
            0
          </div>
          <div
            class="css-1l2qare"
            data-testid="2,2"
            role="cell"
          >
            0
          </div>
          <div
            class="css-1l2qare"
            data-testid="2,3"
            role="cell"
          >
            0
          </div>
          <div
            class="css-y5m8ng"
            data-testid="2,4"
            role="cell"
          >
            1
          </div>
          <div
            class="css-12dzs03"
            data-testid="2,5"
            role="cell"
          >
            <div
              class="css-81z0jo"
              data-testid="bomb_2,5"
            />
          </div>
          <div
            class="css-y5m8ng"
            data-testid="2,6"
            role="cell"
          >
            1
          </div>
          <div
            class="css-y5m8ng"
            data-testid="2,7"
            role="cell"
          >
            1
          </div>
          <div
            class="css-12dzs03"
            data-testid="2,8"
            role="cell"
          >
            <div
              class="css-81z0jo"
              data-testid="bomb_2,8"
            />
          </div>
          <div
            class="css-1l2qare"
            data-testid="3,0"
            role="cell"
          >
            0
          </div>
          <div
            class="css-1l2qare"
            data-testid="3,1"
            role="cell"
          >
            0
          </div>
          <div
            class="css-y5m8ng"
            data-testid="3,2"
            role="cell"
          >
            1
          </div>
          <div
            class="css-y5m8ng"
            data-testid="3,3"
            role="cell"
          >
            1
          </div>
          <div
            class="css-1ejwm48"
            data-testid="3,4"
            role="cell"
          >
            3
          </div>
          <div
            class="css-13kl6wr"
            data-testid="3,5"
            role="cell"
          >
            2
          </div>
          <div
            class="css-13kl6wr"
            data-testid="3,6"
            role="cell"
          >
            2
          </div>
          <div
            class="css-y5m8ng"
            data-testid="3,7"
            role="cell"
          >
            1
          </div>
          <div
            class="css-y5m8ng"
            data-testid="3,8"
            role="cell"
          >
            1
          </div>
          <div
            class="css-1l2qare"
            data-testid="4,0"
            role="cell"
          >
            0
          </div>
          <div
            class="css-1l2qare"
            data-testid="4,1"
            role="cell"
          >
            0
          </div>
          <div
            class="css-y5m8ng"
            data-testid="4,2"
            role="cell"
          >
            1
          </div>
          <div
            class="css-12dzs03"
            data-testid="4,3"
            role="cell"
          >
            <div
              class="css-81z0jo"
              data-testid="bomb_4,3"
            />
          </div>
          <div
            class="css-13kl6wr"
            data-testid="4,4"
            role="cell"
          >
            2
          </div>
          <div
            class="css-12dzs03"
            data-testid="4,5"
            role="cell"
          >
            <div
              class="css-81z0jo"
              data-testid="bomb_4,5"
            />
          </div>
          <div
            class="css-y5m8ng"
            data-testid="4,6"
            role="cell"
          >
            1
          </div>
          <div
            class="css-1l2qare"
            data-testid="4,7"
            role="cell"
          >
            0
          </div>
          <div
            class="css-1l2qare"
            data-testid="4,8"
            role="cell"
          >
            0
          </div>
          <div
            class="css-y5m8ng"
            data-testid="5,0"
            role="cell"
          >
            1
          </div>
          <div
            class="css-y5m8ng"
            data-testid="5,1"
            role="cell"
          >
            1
          </div>
          <div
            class="css-13kl6wr"
            data-testid="5,2"
            role="cell"
          >
            2
          </div>
          <div
            class="css-y5m8ng"
            data-testid="5,3"
            role="cell"
          >
            1
          </div>
          <div
            class="css-13kl6wr"
            data-testid="5,4"
            role="cell"
          >
            2
          </div>
          <div
            class="css-y5m8ng"
            data-testid="5,5"
            role="cell"
          >
            1
          </div>
          <div
            class="css-y5m8ng"
            data-testid="5,6"
            role="cell"
          >
            1
          </div>
          <div
            class="css-y5m8ng"
            data-testid="5,7"
            role="cell"
          >
            1
          </div>
          <div
            class="css-y5m8ng"
            data-testid="5,8"
            role="cell"
          >
            1
          </div>
          <div
            class="css-y5m8ng"
            data-testid="6,0"
            role="cell"
          >
            1
          </div>
          <div
            class="css-12dzs03"
            data-testid="6,1"
            role="cell"
          >
            <div
              class="css-81z0jo"
              data-testid="bomb_6,1"
            />
          </div>
          <div
            class="css-y5m8ng"
            data-testid="6,2"
            role="cell"
          >
            1
          </div>
          <div
            class="css-1l2qare"
            data-testid="6,3"
            role="cell"
          >
            0
          </div>
          <div
            class="css-1l2qare"
            data-testid="6,4"
            role="cell"
          >
            0
          </div>
          <div
            class="css-1l2qare"
            data-testid="6,5"
            role="cell"
          >
            0
          </div>
          <div
            class="css-1l2qare"
            data-testid="6,6"
            role="cell"
          >
            0
          </div>
          <div
            class="css-y5m8ng"
            data-testid="6,7"
            role="cell"
          >
            1
          </div>
          <div
            class="css-12dzs03"
            data-testid="6,8"
            role="cell"
          >
            <div
              class="css-81z0jo"
              data-testid="bomb_6,8"
            />
          </div>
          <div
            class="css-y5m8ng"
            data-testid="7,0"
            role="cell"
          >
            1
          </div>
          <div
            class="css-y5m8ng"
            data-testid="7,1"
            role="cell"
          >
            1
          </div>
          <div
            class="css-y5m8ng"
            data-testid="7,2"
            role="cell"
          >
            1
          </div>
          <div
            class="css-y5m8ng"
            data-testid="7,3"
            role="cell"
          >
            1
          </div>
          <div
            class="css-y5m8ng"
            data-testid="7,4"
            role="cell"
          >
            1
          </div>
          <div
            class="css-13kl6wr"
            data-testid="7,5"
            role="cell"
          >
            2
          </div>
          <div
            class="css-y5m8ng"
            data-testid="7,6"
            role="cell"
          >
            1
          </div>
          <div
            class="css-1ejwm48"
            data-testid="7,7"
            role="cell"
          >
            3
          </div>
          <div
            class="css-13kl6wr"
            data-testid="7,8"
            role="cell"
          >
            2
          </div>
          <div
            class="css-1l2qare"
            data-testid="8,0"
            role="cell"
          >
            0
          </div>
          <div
            class="css-1l2qare"
            data-testid="8,1"
            role="cell"
          >
            0
          </div>
          <div
            class="css-1l2qare"
            data-testid="8,2"
            role="cell"
          >
            0
          </div>
          <div
            class="css-y5m8ng"
            data-testid="8,3"
            role="cell"
          >
            1
          </div>
          <div
            class="css-12dzs03"
            data-testid="8,4"
            role="cell"
          >
            <div
              class="css-81z0jo"
              data-testid="bomb_8,4"
            />
          </div>
          <div
            class="css-13kl6wr"
            data-testid="8,5"
            role="cell"
          >
            2
          </div>
          <div
            class="css-12dzs03"
            data-testid="8,6"
            role="cell"
          >
            <div
              class="css-81z0jo"
              data-testid="bomb_8,6"
            />
          </div>
          <div
            class="css-13kl6wr"
            data-testid="8,7"
            role="cell"
          >
            2
          </div>
          <div
            class="css-12dzs03"
            data-testid="8,8"
            role="cell"
          >
            <div
              class="css-81z0jo"
              data-testid="bomb_8,8"
            />
          </div>
        </div>
      </div>
    </div>
  </div>
</DocumentFragment>
`;
