// Jest Snapshot v1, https://goo.gl/fbAQLP

exports[`Top renders coreectly get snapshot from Top component 1`] = `
<DocumentFragment>
  <header
    class="css-dn2347"
  >
    <h1
      class="css-18kvaxm"
    >
      minesweeper
    </h1>
    <legend
      class="css-17qz6a2"
    >
      <strong>
        Flag: 
      </strong>
      <code
        class="css-12ap3z0"
      >
        <span
          class="css-udfepp"
        >
          ctrl
        </span>
        <span
          class="css-9c23k1"
        >
           + click
        </span>
      </code>
    </legend>
  </header>
</DocumentFragment>
`;
